stm32f407xx_spi_driver.c:23:6:SPI_PeriClockControl	16	static
stm32f407xx_spi_driver.c:69:6:SPI_Init	24	static
stm32f407xx_spi_driver.c:129:6:SPI_DeInit	16	static
stm32f407xx_spi_driver.c:145:6:SPI_PeripheralControl	16	static
stm32f407xx_spi_driver.c:156:6:SPI_SSIConfig	16	static
stm32f407xx_spi_driver.c:167:6:SPI_SSOEConfig	16	static
stm32f407xx_spi_driver.c:178:9:SPI_GetFlagStatus	16	static
stm32f407xx_spi_driver.c:203:6:SPI_SendData	24	static
stm32f407xx_spi_driver.c:251:6:SPI_ReceiveData	24	static
stm32f407xx_spi_driver.c:295:6:SPI_IRQInterruptConfig	16	static
stm32f407xx_spi_driver.c:314:6:SPI_IRQPriorityConfig	16	static
stm32f407xx_spi_driver.c:339:6:SPI_IRQHandling	24	static
stm32f407xx_spi_driver.c:375:13:spi_txe_interrupt_handle	16	static
stm32f407xx_spi_driver.c:409:13:spi_rxe_interrupt_handle	16	static
stm32f407xx_spi_driver.c:444:13:spi_ovr_Err_interrupt_handle	24	static
stm32f407xx_spi_driver.c:460:13:SPI_ApplicationEventCallback	16	static
stm32f407xx_spi_driver.c:465:6:SPI_CloseTransmission	16	static
stm32f407xx_spi_driver.c:474:6:SPI_CloseReception	16	static
stm32f407xx_spi_driver.c:483:6:SPI_ClearOVRFlag	24	static
stm32f407xx_spi_driver.c:504:9:SPI_SendDataIT	32	static
stm32f407xx_spi_driver.c:538:9:SPI_ReceiveDataIT	32	static
