Archive member included to satisfy reference by file (symbol)

c:/programs/stm32cubeide_1.5.1/stm32cubeide/plugins/com.st.stm32cube.ide.mcu.externaltools.gnu-tools-for-stm32.7-2018-q2-update.win32_1.5.0.202011040924/tools/bin/../lib/gcc/arm-none-eabi/7.3.1/../../../../arm-none-eabi/lib/thumb/v7e-m/fpv4-sp/hard\libc_nano.a(lib_a-exit.o)
                              c:/programs/stm32cubeide_1.5.1/stm32cubeide/plugins/com.st.stm32cube.ide.mcu.externaltools.gnu-tools-for-stm32.7-2018-q2-update.win32_1.5.0.202011040924/tools/bin/../lib/gcc/arm-none-eabi/7.3.1/../../../../arm-none-eabi/lib/thumb/v7e-m/fpv4-sp/hard/crt0.o (exit)
c:/programs/stm32cubeide_1.5.1/stm32cubeide/plugins/com.st.stm32cube.ide.mcu.externaltools.gnu-tools-for-stm32.7-2018-q2-update.win32_1.5.0.202011040924/tools/bin/../lib/gcc/arm-none-eabi/7.3.1/../../../../arm-none-eabi/lib/thumb/v7e-m/fpv4-sp/hard\libc_nano.a(lib_a-impure.o)
                              c:/programs/stm32cubeide_1.5.1/stm32cubeide/plugins/com.st.stm32cube.ide.mcu.externaltools.gnu-tools-for-stm32.7-2018-q2-update.win32_1.5.0.202011040924/tools/bin/../lib/gcc/arm-none-eabi/7.3.1/../../../../arm-none-eabi/lib/thumb/v7e-m/fpv4-sp/hard\libc_nano.a(lib_a-exit.o) (_global_impure_ptr)
c:/programs/stm32cubeide_1.5.1/stm32cubeide/plugins/com.st.stm32cube.ide.mcu.externaltools.gnu-tools-for-stm32.7-2018-q2-update.win32_1.5.0.202011040924/tools/bin/../lib/gcc/arm-none-eabi/7.3.1/../../../../arm-none-eabi/lib/thumb/v7e-m/fpv4-sp/hard\libc_nano.a(lib_a-init.o)
                              c:/programs/stm32cubeide_1.5.1/stm32cubeide/plugins/com.st.stm32cube.ide.mcu.externaltools.gnu-tools-for-stm32.7-2018-q2-update.win32_1.5.0.202011040924/tools/bin/../lib/gcc/arm-none-eabi/7.3.1/../../../../arm-none-eabi/lib/thumb/v7e-m/fpv4-sp/hard/crt0.o (__libc_init_array)
c:/programs/stm32cubeide_1.5.1/stm32cubeide/plugins/com.st.stm32cube.ide.mcu.externaltools.gnu-tools-for-stm32.7-2018-q2-update.win32_1.5.0.202011040924/tools/bin/../lib/gcc/arm-none-eabi/7.3.1/../../../../arm-none-eabi/lib/thumb/v7e-m/fpv4-sp/hard\libc_nano.a(lib_a-memset.o)
                              c:/programs/stm32cubeide_1.5.1/stm32cubeide/plugins/com.st.stm32cube.ide.mcu.externaltools.gnu-tools-for-stm32.7-2018-q2-update.win32_1.5.0.202011040924/tools/bin/../lib/gcc/arm-none-eabi/7.3.1/../../../../arm-none-eabi/lib/thumb/v7e-m/fpv4-sp/hard/crt0.o (memset)
c:/programs/stm32cubeide_1.5.1/stm32cubeide/plugins/com.st.stm32cube.ide.mcu.externaltools.gnu-tools-for-stm32.7-2018-q2-update.win32_1.5.0.202011040924/tools/bin/../lib/gcc/arm-none-eabi/7.3.1/../../../../arm-none-eabi/lib/thumb/v7e-m/fpv4-sp/hard\libc_nano.a(lib_a-strlen.o)
                              Src/010i2c_master_tx_testing.o (strlen)
c:/programs/stm32cubeide_1.5.1/stm32cubeide/plugins/com.st.stm32cube.ide.mcu.externaltools.gnu-tools-for-stm32.7-2018-q2-update.win32_1.5.0.202011040924/tools/bin/../lib/gcc/arm-none-eabi/7.3.1/../../../../arm-none-eabi/lib/thumb/v7e-m/fpv4-sp/hard\libnosys.a(_exit.o)
                              c:/programs/stm32cubeide_1.5.1/stm32cubeide/plugins/com.st.stm32cube.ide.mcu.externaltools.gnu-tools-for-stm32.7-2018-q2-update.win32_1.5.0.202011040924/tools/bin/../lib/gcc/arm-none-eabi/7.3.1/../../../../arm-none-eabi/lib/thumb/v7e-m/fpv4-sp/hard\libc_nano.a(lib_a-exit.o) (_exit)

Allocating common symbols
Common symbol       size              file

I2C1Handle          0x28              Src/010i2c_master_tx_testing.o

Discarded input sections

 .text          0x0000000000000000        0x0 c:/programs/stm32cubeide_1.5.1/stm32cubeide/plugins/com.st.stm32cube.ide.mcu.externaltools.gnu-tools-for-stm32.7-2018-q2-update.win32_1.5.0.202011040924/tools/bin/../lib/gcc/arm-none-eabi/7.3.1/thumb/v7e-m/fpv4-sp/hard/crti.o
 .data          0x0000000000000000        0x0 c:/programs/stm32cubeide_1.5.1/stm32cubeide/plugins/com.st.stm32cube.ide.mcu.externaltools.gnu-tools-for-stm32.7-2018-q2-update.win32_1.5.0.202011040924/tools/bin/../lib/gcc/arm-none-eabi/7.3.1/thumb/v7e-m/fpv4-sp/hard/crti.o
 .bss           0x0000000000000000        0x0 c:/programs/stm32cubeide_1.5.1/stm32cubeide/plugins/com.st.stm32cube.ide.mcu.externaltools.gnu-tools-for-stm32.7-2018-q2-update.win32_1.5.0.202011040924/tools/bin/../lib/gcc/arm-none-eabi/7.3.1/thumb/v7e-m/fpv4-sp/hard/crti.o
 .data          0x0000000000000000        0x4 c:/programs/stm32cubeide_1.5.1/stm32cubeide/plugins/com.st.stm32cube.ide.mcu.externaltools.gnu-tools-for-stm32.7-2018-q2-update.win32_1.5.0.202011040924/tools/bin/../lib/gcc/arm-none-eabi/7.3.1/thumb/v7e-m/fpv4-sp/hard/crtbegin.o
 .text          0x0000000000000000       0x74 c:/programs/stm32cubeide_1.5.1/stm32cubeide/plugins/com.st.stm32cube.ide.mcu.externaltools.gnu-tools-for-stm32.7-2018-q2-update.win32_1.5.0.202011040924/tools/bin/../lib/gcc/arm-none-eabi/7.3.1/../../../../arm-none-eabi/lib/thumb/v7e-m/fpv4-sp/hard/crt0.o
 .data          0x0000000000000000        0x0 c:/programs/stm32cubeide_1.5.1/stm32cubeide/plugins/com.st.stm32cube.ide.mcu.externaltools.gnu-tools-for-stm32.7-2018-q2-update.win32_1.5.0.202011040924/tools/bin/../lib/gcc/arm-none-eabi/7.3.1/../../../../arm-none-eabi/lib/thumb/v7e-m/fpv4-sp/hard/crt0.o
 .bss           0x0000000000000000        0x0 c:/programs/stm32cubeide_1.5.1/stm32cubeide/plugins/com.st.stm32cube.ide.mcu.externaltools.gnu-tools-for-stm32.7-2018-q2-update.win32_1.5.0.202011040924/tools/bin/../lib/gcc/arm-none-eabi/7.3.1/../../../../arm-none-eabi/lib/thumb/v7e-m/fpv4-sp/hard/crt0.o
 .ARM.extab     0x0000000000000000        0x0 c:/programs/stm32cubeide_1.5.1/stm32cubeide/plugins/com.st.stm32cube.ide.mcu.externaltools.gnu-tools-for-stm32.7-2018-q2-update.win32_1.5.0.202011040924/tools/bin/../lib/gcc/arm-none-eabi/7.3.1/../../../../arm-none-eabi/lib/thumb/v7e-m/fpv4-sp/hard/crt0.o
 .ARM.exidx     0x0000000000000000        0x8 c:/programs/stm32cubeide_1.5.1/stm32cubeide/plugins/com.st.stm32cube.ide.mcu.externaltools.gnu-tools-for-stm32.7-2018-q2-update.win32_1.5.0.202011040924/tools/bin/../lib/gcc/arm-none-eabi/7.3.1/../../../../arm-none-eabi/lib/thumb/v7e-m/fpv4-sp/hard/crt0.o
 .ARM.attributes
                0x0000000000000000       0x20 c:/programs/stm32cubeide_1.5.1/stm32cubeide/plugins/com.st.stm32cube.ide.mcu.externaltools.gnu-tools-for-stm32.7-2018-q2-update.win32_1.5.0.202011040924/tools/bin/../lib/gcc/arm-none-eabi/7.3.1/../../../../arm-none-eabi/lib/thumb/v7e-m/fpv4-sp/hard/crt0.o
 .group         0x0000000000000000        0xc Src/010i2c_master_tx_testing.o
 .group         0x0000000000000000        0xc Src/010i2c_master_tx_testing.o
 .group         0x0000000000000000        0xc Src/010i2c_master_tx_testing.o
 .group         0x0000000000000000        0xc Src/010i2c_master_tx_testing.o
 .group         0x0000000000000000        0xc Src/010i2c_master_tx_testing.o
 .group         0x0000000000000000        0xc Src/010i2c_master_tx_testing.o
 .group         0x0000000000000000        0xc Src/010i2c_master_tx_testing.o
 .group         0x0000000000000000        0xc Src/010i2c_master_tx_testing.o
 .group         0x0000000000000000        0xc Src/010i2c_master_tx_testing.o
 .group         0x0000000000000000        0xc Src/010i2c_master_tx_testing.o
 .group         0x0000000000000000        0xc Src/010i2c_master_tx_testing.o
 .group         0x0000000000000000        0xc Src/010i2c_master_tx_testing.o
 .group         0x0000000000000000        0xc Src/010i2c_master_tx_testing.o
 .group         0x0000000000000000        0xc Src/010i2c_master_tx_testing.o
 .group         0x0000000000000000        0xc Src/010i2c_master_tx_testing.o
 .group         0x0000000000000000        0xc Src/010i2c_master_tx_testing.o
 .group         0x0000000000000000        0xc Src/010i2c_master_tx_testing.o
 .group         0x0000000000000000        0xc Src/010i2c_master_tx_testing.o
 .group         0x0000000000000000        0xc Src/010i2c_master_tx_testing.o
 .group         0x0000000000000000        0xc Src/010i2c_master_tx_testing.o
 .group         0x0000000000000000        0xc Src/010i2c_master_tx_testing.o
 .group         0x0000000000000000        0xc Src/010i2c_master_tx_testing.o
 .group         0x0000000000000000        0xc Src/010i2c_master_tx_testing.o
 .group         0x0000000000000000        0xc Src/010i2c_master_tx_testing.o
 .group         0x0000000000000000        0xc Src/010i2c_master_tx_testing.o
 .group         0x0000000000000000        0xc Src/010i2c_master_tx_testing.o
 .group         0x0000000000000000        0xc Src/010i2c_master_tx_testing.o
 .group         0x0000000000000000        0xc Src/010i2c_master_tx_testing.o
 .group         0x0000000000000000        0xc Src/010i2c_master_tx_testing.o
 .group         0x0000000000000000        0xc Src/010i2c_master_tx_testing.o
 .group         0x0000000000000000        0xc Src/010i2c_master_tx_testing.o
 .group         0x0000000000000000        0xc Src/010i2c_master_tx_testing.o
 .group         0x0000000000000000        0xc Src/010i2c_master_tx_testing.o
 .group         0x0000000000000000        0xc Src/010i2c_master_tx_testing.o
 .group         0x0000000000000000        0xc Src/010i2c_master_tx_testing.o
 .group         0x0000000000000000        0xc Src/010i2c_master_tx_testing.o
 .group         0x0000000000000000        0xc Src/010i2c_master_tx_testing.o
 .group         0x0000000000000000        0xc Src/010i2c_master_tx_testing.o
 .group         0x0000000000000000        0xc Src/010i2c_master_tx_testing.o
 .text          0x0000000000000000        0x0 Src/010i2c_master_tx_testing.o
 .data          0x0000000000000000        0x0 Src/010i2c_master_tx_testing.o
 .bss           0x0000000000000000        0x0 Src/010i2c_master_tx_testing.o
 .text          0x0000000000000000       0x14 Startup/startup_stm32f407vgtx.o
 .data          0x0000000000000000        0x0 Startup/startup_stm32f407vgtx.o
 .bss           0x0000000000000000        0x0 Startup/startup_stm32f407vgtx.o
 .group         0x0000000000000000        0xc drivers/Src/stm32f407xx_gpip_driver.o
 .group         0x0000000000000000        0xc drivers/Src/stm32f407xx_gpip_driver.o
 .group         0x0000000000000000        0xc drivers/Src/stm32f407xx_gpip_driver.o
 .group         0x0000000000000000        0xc drivers/Src/stm32f407xx_gpip_driver.o
 .group         0x0000000000000000        0xc drivers/Src/stm32f407xx_gpip_driver.o
 .group         0x0000000000000000        0xc drivers/Src/stm32f407xx_gpip_driver.o
 .group         0x0000000000000000        0xc drivers/Src/stm32f407xx_gpip_driver.o
 .group         0x0000000000000000        0xc drivers/Src/stm32f407xx_gpip_driver.o
 .group         0x0000000000000000        0xc drivers/Src/stm32f407xx_gpip_driver.o
 .group         0x0000000000000000        0xc drivers/Src/stm32f407xx_gpip_driver.o
 .group         0x0000000000000000        0xc drivers/Src/stm32f407xx_gpip_driver.o
 .group         0x0000000000000000        0xc drivers/Src/stm32f407xx_gpip_driver.o
 .text          0x0000000000000000        0x0 drivers/Src/stm32f407xx_gpip_driver.o
 .data          0x0000000000000000        0x0 drivers/Src/stm32f407xx_gpip_driver.o
 .bss           0x0000000000000000        0x0 drivers/Src/stm32f407xx_gpip_driver.o
 .text.GPIO_DeInit
                0x0000000000000000      0x16c drivers/Src/stm32f407xx_gpip_driver.o
 .text.GPIO_ReadFromInputPort
                0x0000000000000000       0x1c drivers/Src/stm32f407xx_gpip_driver.o
 .text.GPIO_WriteToOutputPin
                0x0000000000000000       0x4a drivers/Src/stm32f407xx_gpip_driver.o
 .text.GPIO_WriteToOutputPort
                0x0000000000000000       0x1e drivers/Src/stm32f407xx_gpip_driver.o
 .text.GPIO_ToggleOutputPin
                0x0000000000000000       0x2a drivers/Src/stm32f407xx_gpip_driver.o
 .text.GPIO_IRQInterruptConfig
                0x0000000000000000      0x10c drivers/Src/stm32f407xx_gpip_driver.o
 .text.GPIO_IRQPriorityConfig
                0x0000000000000000       0x54 drivers/Src/stm32f407xx_gpip_driver.o
 .text.GPIO_IRQHandling
                0x0000000000000000       0x40 drivers/Src/stm32f407xx_gpip_driver.o
 .debug_macro   0x0000000000000000      0xa66 drivers/Src/stm32f407xx_gpip_driver.o
 .debug_macro   0x0000000000000000       0x22 drivers/Src/stm32f407xx_gpip_driver.o
 .debug_macro   0x0000000000000000       0xef drivers/Src/stm32f407xx_gpip_driver.o
 .debug_macro   0x0000000000000000       0x6a drivers/Src/stm32f407xx_gpip_driver.o
 .debug_macro   0x0000000000000000      0x1df drivers/Src/stm32f407xx_gpip_driver.o
 .debug_macro   0x0000000000000000      0x5c3 drivers/Src/stm32f407xx_gpip_driver.o
 .debug_macro   0x0000000000000000       0x7c drivers/Src/stm32f407xx_gpip_driver.o
 .debug_macro   0x0000000000000000       0xc4 drivers/Src/stm32f407xx_gpip_driver.o
 .group         0x0000000000000000        0xc drivers/Src/stm32f407xx_i2c_driver.o
 .group         0x0000000000000000        0xc drivers/Src/stm32f407xx_i2c_driver.o
 .group         0x0000000000000000        0xc drivers/Src/stm32f407xx_i2c_driver.o
 .group         0x0000000000000000        0xc drivers/Src/stm32f407xx_i2c_driver.o
 .group         0x0000000000000000        0xc drivers/Src/stm32f407xx_i2c_driver.o
 .group         0x0000000000000000        0xc drivers/Src/stm32f407xx_i2c_driver.o
 .group         0x0000000000000000        0xc drivers/Src/stm32f407xx_i2c_driver.o
 .group         0x0000000000000000        0xc drivers/Src/stm32f407xx_i2c_driver.o
 .group         0x0000000000000000        0xc drivers/Src/stm32f407xx_i2c_driver.o
 .group         0x0000000000000000        0xc drivers/Src/stm32f407xx_i2c_driver.o
 .group         0x0000000000000000        0xc drivers/Src/stm32f407xx_i2c_driver.o
 .group         0x0000000000000000        0xc drivers/Src/stm32f407xx_i2c_driver.o
 .text          0x0000000000000000        0x0 drivers/Src/stm32f407xx_i2c_driver.o
 .data          0x0000000000000000        0x0 drivers/Src/stm32f407xx_i2c_driver.o
 .bss           0x0000000000000000        0x0 drivers/Src/stm32f407xx_i2c_driver.o
 .text.I2C_DeInit
                0x0000000000000000       0x14 drivers/Src/stm32f407xx_i2c_driver.o
 .debug_macro   0x0000000000000000      0xa66 drivers/Src/stm32f407xx_i2c_driver.o
 .debug_macro   0x0000000000000000       0x22 drivers/Src/stm32f407xx_i2c_driver.o
 .debug_macro   0x0000000000000000       0x8e drivers/Src/stm32f407xx_i2c_driver.o
 .debug_macro   0x0000000000000000       0x51 drivers/Src/stm32f407xx_i2c_driver.o
 .debug_macro   0x0000000000000000       0xef drivers/Src/stm32f407xx_i2c_driver.o
 .debug_macro   0x0000000000000000       0x6a drivers/Src/stm32f407xx_i2c_driver.o
 .debug_macro   0x0000000000000000      0x1df drivers/Src/stm32f407xx_i2c_driver.o
 .debug_macro   0x0000000000000000      0x174 drivers/Src/stm32f407xx_i2c_driver.o
 .debug_macro   0x0000000000000000      0x5c3 drivers/Src/stm32f407xx_i2c_driver.o
 .debug_macro   0x0000000000000000       0xc4 drivers/Src/stm32f407xx_i2c_driver.o
 .debug_macro   0x0000000000000000       0xc4 drivers/Src/stm32f407xx_i2c_driver.o
 .group         0x0000000000000000        0xc drivers/Src/stm32f407xx_spi_driver.o
 .group         0x0000000000000000        0xc drivers/Src/stm32f407xx_spi_driver.o
 .group         0x0000000000000000        0xc drivers/Src/stm32f407xx_spi_driver.o
 .group         0x0000000000000000        0xc drivers/Src/stm32f407xx_spi_driver.o
 .group         0x0000000000000000        0xc drivers/Src/stm32f407xx_spi_driver.o
 .group         0x0000000000000000        0xc drivers/Src/stm32f407xx_spi_driver.o
 .group         0x0000000000000000        0xc drivers/Src/stm32f407xx_spi_driver.o
 .group         0x0000000000000000        0xc drivers/Src/stm32f407xx_spi_driver.o
 .group         0x0000000000000000        0xc drivers/Src/stm32f407xx_spi_driver.o
 .group         0x0000000000000000        0xc drivers/Src/stm32f407xx_spi_driver.o
 .group         0x0000000000000000        0xc drivers/Src/stm32f407xx_spi_driver.o
 .group         0x0000000000000000        0xc drivers/Src/stm32f407xx_spi_driver.o
 .text          0x0000000000000000        0x0 drivers/Src/stm32f407xx_spi_driver.o
 .data          0x0000000000000000        0x0 drivers/Src/stm32f407xx_spi_driver.o
 .bss           0x0000000000000000        0x0 drivers/Src/stm32f407xx_spi_driver.o
 .text.SPI_PeriClockControl
                0x0000000000000000       0xb0 drivers/Src/stm32f407xx_spi_driver.o
 .text.SPI_Init
                0x0000000000000000       0xb6 drivers/Src/stm32f407xx_spi_driver.o
 .text.SPI_DeInit
                0x0000000000000000       0x88 drivers/Src/stm32f407xx_spi_driver.o
 .text.SPI_PeripheralControl
                0x0000000000000000       0x38 drivers/Src/stm32f407xx_spi_driver.o
 .text.SPI_SSIConfig
                0x0000000000000000       0x38 drivers/Src/stm32f407xx_spi_driver.o
 .text.SPI_SSOEConfig
                0x0000000000000000       0x38 drivers/Src/stm32f407xx_spi_driver.o
 .text.SPI_GetFlagStatus
                0x0000000000000000       0x28 drivers/Src/stm32f407xx_spi_driver.o
 .text.SPI_SendData
                0x0000000000000000       0x6c drivers/Src/stm32f407xx_spi_driver.o
 .text.SPI_ReceiveData
                0x0000000000000000       0x6c drivers/Src/stm32f407xx_spi_driver.o
 .text.SPI_IRQInterruptConfig
                0x0000000000000000       0x1c drivers/Src/stm32f407xx_spi_driver.o
 .text.SPI_IRQPriorityConfig
                0x0000000000000000       0x18 drivers/Src/stm32f407xx_spi_driver.o
 .text.SPI_IRQHandling
                0x0000000000000000       0x9a drivers/Src/stm32f407xx_spi_driver.o
 .text.spi_txe_interrupt_handle
                0x0000000000000000       0x80 drivers/Src/stm32f407xx_spi_driver.o
 .text.spi_rxe_interrupt_handle
                0x0000000000000000       0x84 drivers/Src/stm32f407xx_spi_driver.o
 .text.spi_ovr_Err_interrupt_handle
                0x0000000000000000       0x30 drivers/Src/stm32f407xx_spi_driver.o
 .text.SPI_ApplicationEventCallback
                0x0000000000000000       0x18 drivers/Src/stm32f407xx_spi_driver.o
 .text.SPI_CloseTransmission
                0x0000000000000000       0x36 drivers/Src/stm32f407xx_spi_driver.o
 .text.SPI_CloseReception
                0x0000000000000000       0x36 drivers/Src/stm32f407xx_spi_driver.o
 .text.SPI_ClearOVRFlag
                0x0000000000000000       0x20 drivers/Src/stm32f407xx_spi_driver.o
 .text.SPI_SendDataIT
                0x0000000000000000       0x48 drivers/Src/stm32f407xx_spi_driver.o
 .text.SPI_ReceiveDataIT
                0x0000000000000000       0x48 drivers/Src/stm32f407xx_spi_driver.o
 .debug_info    0x0000000000000000      0x818 drivers/Src/stm32f407xx_spi_driver.o
 .debug_abbrev  0x0000000000000000      0x1b1 drivers/Src/stm32f407xx_spi_driver.o
 .debug_aranges
                0x0000000000000000       0xc0 drivers/Src/stm32f407xx_spi_driver.o
 .debug_ranges  0x0000000000000000       0xb0 drivers/Src/stm32f407xx_spi_driver.o
 .debug_macro   0x0000000000000000       0xad drivers/Src/stm32f407xx_spi_driver.o
 .debug_macro   0x0000000000000000      0xa66 drivers/Src/stm32f407xx_spi_driver.o
 .debug_macro   0x0000000000000000       0x22 drivers/Src/stm32f407xx_spi_driver.o
 .debug_macro   0x0000000000000000       0x8e drivers/Src/stm32f407xx_spi_driver.o
 .debug_macro   0x0000000000000000       0x51 drivers/Src/stm32f407xx_spi_driver.o
 .debug_macro   0x0000000000000000       0xef drivers/Src/stm32f407xx_spi_driver.o
 .debug_macro   0x0000000000000000       0x6a drivers/Src/stm32f407xx_spi_driver.o
 .debug_macro   0x0000000000000000      0x1df drivers/Src/stm32f407xx_spi_driver.o
 .debug_macro   0x0000000000000000      0x174 drivers/Src/stm32f407xx_spi_driver.o
 .debug_macro   0x0000000000000000      0x5c3 drivers/Src/stm32f407xx_spi_driver.o
 .debug_macro   0x0000000000000000       0xc4 drivers/Src/stm32f407xx_spi_driver.o
 .debug_macro   0x0000000000000000       0x7c drivers/Src/stm32f407xx_spi_driver.o
 .debug_macro   0x0000000000000000       0xbe drivers/Src/stm32f407xx_spi_driver.o
 .debug_line    0x0000000000000000      0x675 drivers/Src/stm32f407xx_spi_driver.o
 .debug_str     0x0000000000000000     0x67a2 drivers/Src/stm32f407xx_spi_driver.o
 .comment       0x0000000000000000       0x7c drivers/Src/stm32f407xx_spi_driver.o
 .debug_frame   0x0000000000000000      0x33c drivers/Src/stm32f407xx_spi_driver.o
 .ARM.attributes
                0x0000000000000000       0x39 drivers/Src/stm32f407xx_spi_driver.o
 .text          0x0000000000000000        0x0 c:/programs/stm32cubeide_1.5.1/stm32cubeide/plugins/com.st.stm32cube.ide.mcu.externaltools.gnu-tools-for-stm32.7-2018-q2-update.win32_1.5.0.202011040924/tools/bin/../lib/gcc/arm-none-eabi/7.3.1/../../../../arm-none-eabi/lib/thumb/v7e-m/fpv4-sp/hard\libc_nano.a(lib_a-exit.o)
 .data          0x0000000000000000        0x0 c:/programs/stm32cubeide_1.5.1/stm32cubeide/plugins/com.st.stm32cube.ide.mcu.externaltools.gnu-tools-for-stm32.7-2018-q2-update.win32_1.5.0.202011040924/tools/bin/../lib/gcc/arm-none-eabi/7.3.1/../../../../arm-none-eabi/lib/thumb/v7e-m/fpv4-sp/hard\libc_nano.a(lib_a-exit.o)
 .bss           0x0000000000000000        0x0 c:/programs/stm32cubeide_1.5.1/stm32cubeide/plugins/com.st.stm32cube.ide.mcu.externaltools.gnu-tools-for-stm32.7-2018-q2-update.win32_1.5.0.202011040924/tools/bin/../lib/gcc/arm-none-eabi/7.3.1/../../../../arm-none-eabi/lib/thumb/v7e-m/fpv4-sp/hard\libc_nano.a(lib_a-exit.o)
 .text.exit     0x0000000000000000       0x28 c:/programs/stm32cubeide_1.5.1/stm32cubeide/plugins/com.st.stm32cube.ide.mcu.externaltools.gnu-tools-for-stm32.7-2018-q2-update.win32_1.5.0.202011040924/tools/bin/../lib/gcc/arm-none-eabi/7.3.1/../../../../arm-none-eabi/lib/thumb/v7e-m/fpv4-sp/hard\libc_nano.a(lib_a-exit.o)
 .debug_frame   0x0000000000000000       0x28 c:/programs/stm32cubeide_1.5.1/stm32cubeide/plugins/com.st.stm32cube.ide.mcu.externaltools.gnu-tools-for-stm32.7-2018-q2-update.win32_1.5.0.202011040924/tools/bin/../lib/gcc/arm-none-eabi/7.3.1/../../../../arm-none-eabi/lib/thumb/v7e-m/fpv4-sp/hard\libc_nano.a(lib_a-exit.o)
 .ARM.attributes
                0x0000000000000000       0x34 c:/programs/stm32cubeide_1.5.1/stm32cubeide/plugins/com.st.stm32cube.ide.mcu.externaltools.gnu-tools-for-stm32.7-2018-q2-update.win32_1.5.0.202011040924/tools/bin/../lib/gcc/arm-none-eabi/7.3.1/../../../../arm-none-eabi/lib/thumb/v7e-m/fpv4-sp/hard\libc_nano.a(lib_a-exit.o)
 .text          0x0000000000000000        0x0 c:/programs/stm32cubeide_1.5.1/stm32cubeide/plugins/com.st.stm32cube.ide.mcu.externaltools.gnu-tools-for-stm32.7-2018-q2-update.win32_1.5.0.202011040924/tools/bin/../lib/gcc/arm-none-eabi/7.3.1/../../../../arm-none-eabi/lib/thumb/v7e-m/fpv4-sp/hard\libc_nano.a(lib_a-impure.o)
 .data          0x0000000000000000        0x0 c:/programs/stm32cubeide_1.5.1/stm32cubeide/plugins/com.st.stm32cube.ide.mcu.externaltools.gnu-tools-for-stm32.7-2018-q2-update.win32_1.5.0.202011040924/tools/bin/../lib/gcc/arm-none-eabi/7.3.1/../../../../arm-none-eabi/lib/thumb/v7e-m/fpv4-sp/hard\libc_nano.a(lib_a-impure.o)
 .bss           0x0000000000000000        0x0 c:/programs/stm32cubeide_1.5.1/stm32cubeide/plugins/com.st.stm32cube.ide.mcu.externaltools.gnu-tools-for-stm32.7-2018-q2-update.win32_1.5.0.202011040924/tools/bin/../lib/gcc/arm-none-eabi/7.3.1/../../../../arm-none-eabi/lib/thumb/v7e-m/fpv4-sp/hard\libc_nano.a(lib_a-impure.o)
 .data._impure_ptr
                0x0000000000000000        0x4 c:/programs/stm32cubeide_1.5.1/stm32cubeide/plugins/com.st.stm32cube.ide.mcu.externaltools.gnu-tools-for-stm32.7-2018-q2-update.win32_1.5.0.202011040924/tools/bin/../lib/gcc/arm-none-eabi/7.3.1/../../../../arm-none-eabi/lib/thumb/v7e-m/fpv4-sp/hard\libc_nano.a(lib_a-impure.o)
 .data.impure_data
                0x0000000000000000       0x60 c:/programs/stm32cubeide_1.5.1/stm32cubeide/plugins/com.st.stm32cube.ide.mcu.externaltools.gnu-tools-for-stm32.7-2018-q2-update.win32_1.5.0.202011040924/tools/bin/../lib/gcc/arm-none-eabi/7.3.1/../../../../arm-none-eabi/lib/thumb/v7e-m/fpv4-sp/hard\libc_nano.a(lib_a-impure.o)
 .rodata._global_impure_ptr
                0x0000000000000000        0x4 c:/programs/stm32cubeide_1.5.1/stm32cubeide/plugins/com.st.stm32cube.ide.mcu.externaltools.gnu-tools-for-stm32.7-2018-q2-update.win32_1.5.0.202011040924/tools/bin/../lib/gcc/arm-none-eabi/7.3.1/../../../../arm-none-eabi/lib/thumb/v7e-m/fpv4-sp/hard\libc_nano.a(lib_a-impure.o)
 .ARM.attributes
                0x0000000000000000       0x34 c:/programs/stm32cubeide_1.5.1/stm32cubeide/plugins/com.st.stm32cube.ide.mcu.externaltools.gnu-tools-for-stm32.7-2018-q2-update.win32_1.5.0.202011040924/tools/bin/../lib/gcc/arm-none-eabi/7.3.1/../../../../arm-none-eabi/lib/thumb/v7e-m/fpv4-sp/hard\libc_nano.a(lib_a-impure.o)
 .text          0x0000000000000000        0x0 c:/programs/stm32cubeide_1.5.1/stm32cubeide/plugins/com.st.stm32cube.ide.mcu.externaltools.gnu-tools-for-stm32.7-2018-q2-update.win32_1.5.0.202011040924/tools/bin/../lib/gcc/arm-none-eabi/7.3.1/../../../../arm-none-eabi/lib/thumb/v7e-m/fpv4-sp/hard\libc_nano.a(lib_a-init.o)
 .data          0x0000000000000000        0x0 c:/programs/stm32cubeide_1.5.1/stm32cubeide/plugins/com.st.stm32cube.ide.mcu.externaltools.gnu-tools-for-stm32.7-2018-q2-update.win32_1.5.0.202011040924/tools/bin/../lib/gcc/arm-none-eabi/7.3.1/../../../../arm-none-eabi/lib/thumb/v7e-m/fpv4-sp/hard\libc_nano.a(lib_a-init.o)
 .bss           0x0000000000000000        0x0 c:/programs/stm32cubeide_1.5.1/stm32cubeide/plugins/com.st.stm32cube.ide.mcu.externaltools.gnu-tools-for-stm32.7-2018-q2-update.win32_1.5.0.202011040924/tools/bin/../lib/gcc/arm-none-eabi/7.3.1/../../../../arm-none-eabi/lib/thumb/v7e-m/fpv4-sp/hard\libc_nano.a(lib_a-init.o)
 .text          0x0000000000000000        0x0 c:/programs/stm32cubeide_1.5.1/stm32cubeide/plugins/com.st.stm32cube.ide.mcu.externaltools.gnu-tools-for-stm32.7-2018-q2-update.win32_1.5.0.202011040924/tools/bin/../lib/gcc/arm-none-eabi/7.3.1/../../../../arm-none-eabi/lib/thumb/v7e-m/fpv4-sp/hard\libc_nano.a(lib_a-memset.o)
 .data          0x0000000000000000        0x0 c:/programs/stm32cubeide_1.5.1/stm32cubeide/plugins/com.st.stm32cube.ide.mcu.externaltools.gnu-tools-for-stm32.7-2018-q2-update.win32_1.5.0.202011040924/tools/bin/../lib/gcc/arm-none-eabi/7.3.1/../../../../arm-none-eabi/lib/thumb/v7e-m/fpv4-sp/hard\libc_nano.a(lib_a-memset.o)
 .bss           0x0000000000000000        0x0 c:/programs/stm32cubeide_1.5.1/stm32cubeide/plugins/com.st.stm32cube.ide.mcu.externaltools.gnu-tools-for-stm32.7-2018-q2-update.win32_1.5.0.202011040924/tools/bin/../lib/gcc/arm-none-eabi/7.3.1/../../../../arm-none-eabi/lib/thumb/v7e-m/fpv4-sp/hard\libc_nano.a(lib_a-memset.o)
 .text.memset   0x0000000000000000       0x10 c:/programs/stm32cubeide_1.5.1/stm32cubeide/plugins/com.st.stm32cube.ide.mcu.externaltools.gnu-tools-for-stm32.7-2018-q2-update.win32_1.5.0.202011040924/tools/bin/../lib/gcc/arm-none-eabi/7.3.1/../../../../arm-none-eabi/lib/thumb/v7e-m/fpv4-sp/hard\libc_nano.a(lib_a-memset.o)
 .debug_frame   0x0000000000000000       0x20 c:/programs/stm32cubeide_1.5.1/stm32cubeide/plugins/com.st.stm32cube.ide.mcu.externaltools.gnu-tools-for-stm32.7-2018-q2-update.win32_1.5.0.202011040924/tools/bin/../lib/gcc/arm-none-eabi/7.3.1/../../../../arm-none-eabi/lib/thumb/v7e-m/fpv4-sp/hard\libc_nano.a(lib_a-memset.o)
 .ARM.attributes
                0x0000000000000000       0x34 c:/programs/stm32cubeide_1.5.1/stm32cubeide/plugins/com.st.stm32cube.ide.mcu.externaltools.gnu-tools-for-stm32.7-2018-q2-update.win32_1.5.0.202011040924/tools/bin/../lib/gcc/arm-none-eabi/7.3.1/../../../../arm-none-eabi/lib/thumb/v7e-m/fpv4-sp/hard\libc_nano.a(lib_a-memset.o)
 .data          0x0000000000000000        0x0 c:/programs/stm32cubeide_1.5.1/stm32cubeide/plugins/com.st.stm32cube.ide.mcu.externaltools.gnu-tools-for-stm32.7-2018-q2-update.win32_1.5.0.202011040924/tools/bin/../lib/gcc/arm-none-eabi/7.3.1/../../../../arm-none-eabi/lib/thumb/v7e-m/fpv4-sp/hard\libc_nano.a(lib_a-strlen.o)
 .bss           0x0000000000000000        0x0 c:/programs/stm32cubeide_1.5.1/stm32cubeide/plugins/com.st.stm32cube.ide.mcu.externaltools.gnu-tools-for-stm32.7-2018-q2-update.win32_1.5.0.202011040924/tools/bin/../lib/gcc/arm-none-eabi/7.3.1/../../../../arm-none-eabi/lib/thumb/v7e-m/fpv4-sp/hard\libc_nano.a(lib_a-strlen.o)
 .text          0x0000000000000000        0x0 c:/programs/stm32cubeide_1.5.1/stm32cubeide/plugins/com.st.stm32cube.ide.mcu.externaltools.gnu-tools-for-stm32.7-2018-q2-update.win32_1.5.0.202011040924/tools/bin/../lib/gcc/arm-none-eabi/7.3.1/../../../../arm-none-eabi/lib/thumb/v7e-m/fpv4-sp/hard\libnosys.a(_exit.o)
 .data          0x0000000000000000        0x0 c:/programs/stm32cubeide_1.5.1/stm32cubeide/plugins/com.st.stm32cube.ide.mcu.externaltools.gnu-tools-for-stm32.7-2018-q2-update.win32_1.5.0.202011040924/tools/bin/../lib/gcc/arm-none-eabi/7.3.1/../../../../arm-none-eabi/lib/thumb/v7e-m/fpv4-sp/hard\libnosys.a(_exit.o)
 .bss           0x0000000000000000        0x0 c:/programs/stm32cubeide_1.5.1/stm32cubeide/plugins/com.st.stm32cube.ide.mcu.externaltools.gnu-tools-for-stm32.7-2018-q2-update.win32_1.5.0.202011040924/tools/bin/../lib/gcc/arm-none-eabi/7.3.1/../../../../arm-none-eabi/lib/thumb/v7e-m/fpv4-sp/hard\libnosys.a(_exit.o)
 .text._exit    0x0000000000000000        0x2 c:/programs/stm32cubeide_1.5.1/stm32cubeide/plugins/com.st.stm32cube.ide.mcu.externaltools.gnu-tools-for-stm32.7-2018-q2-update.win32_1.5.0.202011040924/tools/bin/../lib/gcc/arm-none-eabi/7.3.1/../../../../arm-none-eabi/lib/thumb/v7e-m/fpv4-sp/hard\libnosys.a(_exit.o)
 .debug_frame   0x0000000000000000       0x20 c:/programs/stm32cubeide_1.5.1/stm32cubeide/plugins/com.st.stm32cube.ide.mcu.externaltools.gnu-tools-for-stm32.7-2018-q2-update.win32_1.5.0.202011040924/tools/bin/../lib/gcc/arm-none-eabi/7.3.1/../../../../arm-none-eabi/lib/thumb/v7e-m/fpv4-sp/hard\libnosys.a(_exit.o)
 .ARM.attributes
                0x0000000000000000       0x34 c:/programs/stm32cubeide_1.5.1/stm32cubeide/plugins/com.st.stm32cube.ide.mcu.externaltools.gnu-tools-for-stm32.7-2018-q2-update.win32_1.5.0.202011040924/tools/bin/../lib/gcc/arm-none-eabi/7.3.1/../../../../arm-none-eabi/lib/thumb/v7e-m/fpv4-sp/hard\libnosys.a(_exit.o)
 .text          0x0000000000000000        0x0 c:/programs/stm32cubeide_1.5.1/stm32cubeide/plugins/com.st.stm32cube.ide.mcu.externaltools.gnu-tools-for-stm32.7-2018-q2-update.win32_1.5.0.202011040924/tools/bin/../lib/gcc/arm-none-eabi/7.3.1/thumb/v7e-m/fpv4-sp/hard/crtend.o
 .data          0x0000000000000000        0x0 c:/programs/stm32cubeide_1.5.1/stm32cubeide/plugins/com.st.stm32cube.ide.mcu.externaltools.gnu-tools-for-stm32.7-2018-q2-update.win32_1.5.0.202011040924/tools/bin/../lib/gcc/arm-none-eabi/7.3.1/thumb/v7e-m/fpv4-sp/hard/crtend.o
 .bss           0x0000000000000000        0x0 c:/programs/stm32cubeide_1.5.1/stm32cubeide/plugins/com.st.stm32cube.ide.mcu.externaltools.gnu-tools-for-stm32.7-2018-q2-update.win32_1.5.0.202011040924/tools/bin/../lib/gcc/arm-none-eabi/7.3.1/thumb/v7e-m/fpv4-sp/hard/crtend.o
 .eh_frame      0x0000000000000000        0x4 c:/programs/stm32cubeide_1.5.1/stm32cubeide/plugins/com.st.stm32cube.ide.mcu.externaltools.gnu-tools-for-stm32.7-2018-q2-update.win32_1.5.0.202011040924/tools/bin/../lib/gcc/arm-none-eabi/7.3.1/thumb/v7e-m/fpv4-sp/hard/crtend.o
 .ARM.attributes
                0x0000000000000000       0x34 c:/programs/stm32cubeide_1.5.1/stm32cubeide/plugins/com.st.stm32cube.ide.mcu.externaltools.gnu-tools-for-stm32.7-2018-q2-update.win32_1.5.0.202011040924/tools/bin/../lib/gcc/arm-none-eabi/7.3.1/thumb/v7e-m/fpv4-sp/hard/crtend.o
 .text          0x0000000000000000        0x0 c:/programs/stm32cubeide_1.5.1/stm32cubeide/plugins/com.st.stm32cube.ide.mcu.externaltools.gnu-tools-for-stm32.7-2018-q2-update.win32_1.5.0.202011040924/tools/bin/../lib/gcc/arm-none-eabi/7.3.1/thumb/v7e-m/fpv4-sp/hard/crtn.o
 .data          0x0000000000000000        0x0 c:/programs/stm32cubeide_1.5.1/stm32cubeide/plugins/com.st.stm32cube.ide.mcu.externaltools.gnu-tools-for-stm32.7-2018-q2-update.win32_1.5.0.202011040924/tools/bin/../lib/gcc/arm-none-eabi/7.3.1/thumb/v7e-m/fpv4-sp/hard/crtn.o
 .bss           0x0000000000000000        0x0 c:/programs/stm32cubeide_1.5.1/stm32cubeide/plugins/com.st.stm32cube.ide.mcu.externaltools.gnu-tools-for-stm32.7-2018-q2-update.win32_1.5.0.202011040924/tools/bin/../lib/gcc/arm-none-eabi/7.3.1/thumb/v7e-m/fpv4-sp/hard/crtn.o

Memory Configuration

Name             Origin             Length             Attributes
RAM              0x0000000020000000 0x0000000000020000 xrw
FLASH            0x0000000008000000 0x0000000000100000 xr
*default*        0x0000000000000000 0xffffffffffffffff

Linker script and memory map

LOAD c:/programs/stm32cubeide_1.5.1/stm32cubeide/plugins/com.st.stm32cube.ide.mcu.externaltools.gnu-tools-for-stm32.7-2018-q2-update.win32_1.5.0.202011040924/tools/bin/../lib/gcc/arm-none-eabi/7.3.1/thumb/v7e-m/fpv4-sp/hard/crti.o
LOAD c:/programs/stm32cubeide_1.5.1/stm32cubeide/plugins/com.st.stm32cube.ide.mcu.externaltools.gnu-tools-for-stm32.7-2018-q2-update.win32_1.5.0.202011040924/tools/bin/../lib/gcc/arm-none-eabi/7.3.1/thumb/v7e-m/fpv4-sp/hard/crtbegin.o
LOAD c:/programs/stm32cubeide_1.5.1/stm32cubeide/plugins/com.st.stm32cube.ide.mcu.externaltools.gnu-tools-for-stm32.7-2018-q2-update.win32_1.5.0.202011040924/tools/bin/../lib/gcc/arm-none-eabi/7.3.1/../../../../arm-none-eabi/lib/thumb/v7e-m/fpv4-sp/hard/crt0.o
LOAD Src/010i2c_master_tx_testing.o
LOAD Startup/startup_stm32f407vgtx.o
LOAD drivers/Src/stm32f407xx_gpip_driver.o
LOAD drivers/Src/stm32f407xx_i2c_driver.o
LOAD drivers/Src/stm32f407xx_spi_driver.o
START GROUP
LOAD c:/programs/stm32cubeide_1.5.1/stm32cubeide/plugins/com.st.stm32cube.ide.mcu.externaltools.gnu-tools-for-stm32.7-2018-q2-update.win32_1.5.0.202011040924/tools/bin/../lib/gcc/arm-none-eabi/7.3.1/../../../../arm-none-eabi/lib/thumb/v7e-m/fpv4-sp/hard\libc_nano.a
LOAD c:/programs/stm32cubeide_1.5.1/stm32cubeide/plugins/com.st.stm32cube.ide.mcu.externaltools.gnu-tools-for-stm32.7-2018-q2-update.win32_1.5.0.202011040924/tools/bin/../lib/gcc/arm-none-eabi/7.3.1/../../../../arm-none-eabi/lib/thumb/v7e-m/fpv4-sp/hard\libm.a
END GROUP
START GROUP
LOAD c:/programs/stm32cubeide_1.5.1/stm32cubeide/plugins/com.st.stm32cube.ide.mcu.externaltools.gnu-tools-for-stm32.7-2018-q2-update.win32_1.5.0.202011040924/tools/bin/../lib/gcc/arm-none-eabi/7.3.1/thumb/v7e-m/fpv4-sp/hard\libgcc.a
LOAD c:/programs/stm32cubeide_1.5.1/stm32cubeide/plugins/com.st.stm32cube.ide.mcu.externaltools.gnu-tools-for-stm32.7-2018-q2-update.win32_1.5.0.202011040924/tools/bin/../lib/gcc/arm-none-eabi/7.3.1/../../../../arm-none-eabi/lib/thumb/v7e-m/fpv4-sp/hard\libc_nano.a
END GROUP
START GROUP
LOAD c:/programs/stm32cubeide_1.5.1/stm32cubeide/plugins/com.st.stm32cube.ide.mcu.externaltools.gnu-tools-for-stm32.7-2018-q2-update.win32_1.5.0.202011040924/tools/bin/../lib/gcc/arm-none-eabi/7.3.1/thumb/v7e-m/fpv4-sp/hard\libgcc.a
LOAD c:/programs/stm32cubeide_1.5.1/stm32cubeide/plugins/com.st.stm32cube.ide.mcu.externaltools.gnu-tools-for-stm32.7-2018-q2-update.win32_1.5.0.202011040924/tools/bin/../lib/gcc/arm-none-eabi/7.3.1/../../../../arm-none-eabi/lib/thumb/v7e-m/fpv4-sp/hard\libc_nano.a
LOAD c:/programs/stm32cubeide_1.5.1/stm32cubeide/plugins/com.st.stm32cube.ide.mcu.externaltools.gnu-tools-for-stm32.7-2018-q2-update.win32_1.5.0.202011040924/tools/bin/../lib/gcc/arm-none-eabi/7.3.1/../../../../arm-none-eabi/lib/thumb/v7e-m/fpv4-sp/hard\libnosys.a
END GROUP
START GROUP
LOAD c:/programs/stm32cubeide_1.5.1/stm32cubeide/plugins/com.st.stm32cube.ide.mcu.externaltools.gnu-tools-for-stm32.7-2018-q2-update.win32_1.5.0.202011040924/tools/bin/../lib/gcc/arm-none-eabi/7.3.1/thumb/v7e-m/fpv4-sp/hard\libgcc.a
LOAD c:/programs/stm32cubeide_1.5.1/stm32cubeide/plugins/com.st.stm32cube.ide.mcu.externaltools.gnu-tools-for-stm32.7-2018-q2-update.win32_1.5.0.202011040924/tools/bin/../lib/gcc/arm-none-eabi/7.3.1/../../../../arm-none-eabi/lib/thumb/v7e-m/fpv4-sp/hard\libc_nano.a
LOAD c:/programs/stm32cubeide_1.5.1/stm32cubeide/plugins/com.st.stm32cube.ide.mcu.externaltools.gnu-tools-for-stm32.7-2018-q2-update.win32_1.5.0.202011040924/tools/bin/../lib/gcc/arm-none-eabi/7.3.1/../../../../arm-none-eabi/lib/thumb/v7e-m/fpv4-sp/hard\libnosys.a
END GROUP
LOAD c:/programs/stm32cubeide_1.5.1/stm32cubeide/plugins/com.st.stm32cube.ide.mcu.externaltools.gnu-tools-for-stm32.7-2018-q2-update.win32_1.5.0.202011040924/tools/bin/../lib/gcc/arm-none-eabi/7.3.1/thumb/v7e-m/fpv4-sp/hard/crtend.o
LOAD c:/programs/stm32cubeide_1.5.1/stm32cubeide/plugins/com.st.stm32cube.ide.mcu.externaltools.gnu-tools-for-stm32.7-2018-q2-update.win32_1.5.0.202011040924/tools/bin/../lib/gcc/arm-none-eabi/7.3.1/thumb/v7e-m/fpv4-sp/hard/crtn.o
                0x0000000020020000                _estack = (ORIGIN (RAM) + LENGTH (RAM))
                0x0000000000000200                _Min_Heap_Size = 0x200
                0x0000000000000400                _Min_Stack_Size = 0x400

.isr_vector     0x0000000008000000      0x1a8
                0x0000000008000000                . = ALIGN (0x4)
 *(.isr_vector)
 .isr_vector    0x0000000008000000      0x1a8 Startup/startup_stm32f407vgtx.o
                0x0000000008000000                g_pfnVectors
                0x00000000080001a8                . = ALIGN (0x4)

.text           0x00000000080001a8      0xc10
                0x00000000080001a8                . = ALIGN (0x4)
 *(.text)
 .text          0x00000000080001a8       0x40 c:/programs/stm32cubeide_1.5.1/stm32cubeide/plugins/com.st.stm32cube.ide.mcu.externaltools.gnu-tools-for-stm32.7-2018-q2-update.win32_1.5.0.202011040924/tools/bin/../lib/gcc/arm-none-eabi/7.3.1/thumb/v7e-m/fpv4-sp/hard/crtbegin.o
 .text          0x00000000080001e8       0x10 c:/programs/stm32cubeide_1.5.1/stm32cubeide/plugins/com.st.stm32cube.ide.mcu.externaltools.gnu-tools-for-stm32.7-2018-q2-update.win32_1.5.0.202011040924/tools/bin/../lib/gcc/arm-none-eabi/7.3.1/../../../../arm-none-eabi/lib/thumb/v7e-m/fpv4-sp/hard\libc_nano.a(lib_a-strlen.o)
                0x00000000080001e8                strlen
 *(.text*)
 .text.delay    0x00000000080001f8       0x2c Src/010i2c_master_tx_testing.o
                0x00000000080001f8                delay
 .text.I2C1_GPIOInits
                0x0000000008000224       0x44 Src/010i2c_master_tx_testing.o
                0x0000000008000224                I2C1_GPIOInits
 .text.I2C1_Inits
                0x0000000008000268       0x38 Src/010i2c_master_tx_testing.o
                0x0000000008000268                I2C1_Inits
 .text.GPIO_ButtonInit
                0x00000000080002a0       0x30 Src/010i2c_master_tx_testing.o
                0x00000000080002a0                GPIO_ButtonInit
 .text.main     0x00000000080002d0       0x50 Src/010i2c_master_tx_testing.o
                0x00000000080002d0                main
 .text.Reset_Handler
                0x0000000008000320       0x50 Startup/startup_stm32f407vgtx.o
                0x0000000008000320                Reset_Handler
 .text.Default_Handler
                0x0000000008000370        0x2 Startup/startup_stm32f407vgtx.o
                0x0000000008000370                RTC_Alarm_IRQHandler
                0x0000000008000370                HASH_RNG_IRQHandler
                0x0000000008000370                EXTI2_IRQHandler
                0x0000000008000370                TIM8_CC_IRQHandler
                0x0000000008000370                DebugMon_Handler
                0x0000000008000370                TIM1_CC_IRQHandler
                0x0000000008000370                DMA2_Stream5_IRQHandler
                0x0000000008000370                HardFault_Handler
                0x0000000008000370                DMA1_Stream5_IRQHandler
                0x0000000008000370                SysTick_Handler
                0x0000000008000370                PVD_IRQHandler
                0x0000000008000370                SDIO_IRQHandler
                0x0000000008000370                TAMP_STAMP_IRQHandler
                0x0000000008000370                PendSV_Handler
                0x0000000008000370                NMI_Handler
                0x0000000008000370                CAN2_RX1_IRQHandler
                0x0000000008000370                EXTI3_IRQHandler
                0x0000000008000370                TIM8_TRG_COM_TIM14_IRQHandler
                0x0000000008000370                TIM1_UP_TIM10_IRQHandler
                0x0000000008000370                TIM8_UP_TIM13_IRQHandler
                0x0000000008000370                I2C3_ER_IRQHandler
                0x0000000008000370                LCD_TFT_IRQHandler
                0x0000000008000370                EXTI0_IRQHandler
                0x0000000008000370                I2C2_EV_IRQHandler
                0x0000000008000370                DMA1_Stream2_IRQHandler
                0x0000000008000370                CAN1_RX0_IRQHandler
                0x0000000008000370                FPU_IRQHandler
                0x0000000008000370                OTG_HS_WKUP_IRQHandler
                0x0000000008000370                UsageFault_Handler
                0x0000000008000370                CAN2_SCE_IRQHandler
                0x0000000008000370                DMA2_Stream2_IRQHandler
                0x0000000008000370                SPI1_IRQHandler
                0x0000000008000370                TIM6_DAC_IRQHandler
                0x0000000008000370                TIM1_BRK_TIM9_IRQHandler
                0x0000000008000370                DCMI_IRQHandler
                0x0000000008000370                CAN2_RX0_IRQHandler
                0x0000000008000370                DMA2_Stream3_IRQHandler
                0x0000000008000370                USART6_IRQHandler
                0x0000000008000370                USART3_IRQHandler
                0x0000000008000370                CRYP_IRQHandler
                0x0000000008000370                CAN1_RX1_IRQHandler
                0x0000000008000370                UART5_IRQHandler
                0x0000000008000370                DMA2_Stream0_IRQHandler
                0x0000000008000370                TIM4_IRQHandler
                0x0000000008000370                I2C1_EV_IRQHandler
                0x0000000008000370                DMA1_Stream6_IRQHandler
                0x0000000008000370                DMA1_Stream1_IRQHandler
                0x0000000008000370                UART4_IRQHandler
                0x0000000008000370                LCD_TFT_1_IRQHandler
                0x0000000008000370                TIM3_IRQHandler
                0x0000000008000370                RCC_IRQHandler
                0x0000000008000370                TIM8_BRK_TIM12_IRQHandler
                0x0000000008000370                Default_Handler
                0x0000000008000370                EXTI15_10_IRQHandler
                0x0000000008000370                ADC_IRQHandler
                0x0000000008000370                DMA1_Stream7_IRQHandler
                0x0000000008000370                TIM7_IRQHandler
                0x0000000008000370                CAN2_TX_IRQHandler
                0x0000000008000370                TIM5_IRQHandler
                0x0000000008000370                DMA2_Stream7_IRQHandler
                0x0000000008000370                I2C3_EV_IRQHandler
                0x0000000008000370                EXTI9_5_IRQHandler
                0x0000000008000370                RTC_WKUP_IRQHandler
                0x0000000008000370                ETH_WKUP_IRQHandler
                0x0000000008000370                SPI2_IRQHandler
                0x0000000008000370                OTG_HS_EP1_IN_IRQHandler
                0x0000000008000370                MemManage_Handler
                0x0000000008000370                DMA1_Stream0_IRQHandler
                0x0000000008000370                CAN1_TX_IRQHandler
                0x0000000008000370                SVC_Handler
                0x0000000008000370                EXTI4_IRQHandler
                0x0000000008000370                FSMC_IRQHandler
                0x0000000008000370                ETH_IRQHandler
                0x0000000008000370                OTG_HS_EP1_OUT_IRQHandler
                0x0000000008000370                WWDG_IRQHandler
                0x0000000008000370                TIM2_IRQHandler
                0x0000000008000370                OTG_FS_WKUP_IRQHandler
                0x0000000008000370                TIM1_TRG_COM_TIM11_IRQHandler
                0x0000000008000370                OTG_HS_IRQHandler
                0x0000000008000370                EXTI1_IRQHandler
                0x0000000008000370                USART2_IRQHandler
                0x0000000008000370                I2C2_ER_IRQHandler
                0x0000000008000370                DMA2_Stream1_IRQHandler
                0x0000000008000370                CAN1_SCE_IRQHandler
                0x0000000008000370                DMA2_Stream4_IRQHandler
                0x0000000008000370                BusFault_Handler
                0x0000000008000370                USART1_IRQHandler
                0x0000000008000370                OTG_FS_IRQHandler
                0x0000000008000370                SPI3_IRQHandler
                0x0000000008000370                DMA1_Stream4_IRQHandler
                0x0000000008000370                I2C1_ER_IRQHandler
                0x0000000008000370                DMA2_Stream6_IRQHandler
                0x0000000008000370                DMA1_Stream3_IRQHandler
 *fill*         0x0000000008000372        0x2 
 .text.GPIO_PeriClockControl
                0x0000000008000374      0x1d0 drivers/Src/stm32f407xx_gpip_driver.o
                0x0000000008000374                GPIO_PeriClockControl
 .text.GPIO_Init
                0x0000000008000544      0x340 drivers/Src/stm32f407xx_gpip_driver.o
                0x0000000008000544                GPIO_Init
 .text.GPIO_ReadFromInputPin
                0x0000000008000884       0x2c drivers/Src/stm32f407xx_gpip_driver.o
                0x0000000008000884                GPIO_ReadFromInputPin
 .text.I2C_GenerateStartCondition
                0x00000000080008b0       0x20 drivers/Src/stm32f407xx_i2c_driver.o
 .text.I2C_ExecuteAddressPhase
                0x00000000080008d0       0x2c drivers/Src/stm32f407xx_i2c_driver.o
 .text.I2C_ClearADDRFlag
                0x00000000080008fc       0x20 drivers/Src/stm32f407xx_i2c_driver.o
 .text.I2C_GenerateStopCondition
                0x000000000800091c       0x20 drivers/Src/stm32f407xx_i2c_driver.o
 .text.I2C_PeripheralControl
                0x000000000800093c       0x38 drivers/Src/stm32f407xx_i2c_driver.o
                0x000000000800093c                I2C_PeripheralControl
 .text.I2C_PeriClockControl
                0x0000000008000974       0xb0 drivers/Src/stm32f407xx_i2c_driver.o
                0x0000000008000974                I2C_PeriClockControl
 .text.RCC_GetPCLK1Value
                0x0000000008000a24       0xb0 drivers/Src/stm32f407xx_i2c_driver.o
                0x0000000008000a24                RCC_GetPCLK1Value
 .text.RCC_GetPLLOutputClock
                0x0000000008000ad4       0x10 drivers/Src/stm32f407xx_i2c_driver.o
                0x0000000008000ad4                RCC_GetPLLOutputClock
 .text.I2C_Init
                0x0000000008000ae4      0x188 drivers/Src/stm32f407xx_i2c_driver.o
                0x0000000008000ae4                I2C_Init
 .text.I2C_GetFlagStatus
                0x0000000008000c6c       0x28 drivers/Src/stm32f407xx_i2c_driver.o
                0x0000000008000c6c                I2C_GetFlagStatus
 .text.I2C_MasterSendData
                0x0000000008000c94       0xc4 drivers/Src/stm32f407xx_i2c_driver.o
                0x0000000008000c94                I2C_MasterSendData
 .text.__libc_init_array
                0x0000000008000d58       0x48 c:/programs/stm32cubeide_1.5.1/stm32cubeide/plugins/com.st.stm32cube.ide.mcu.externaltools.gnu-tools-for-stm32.7-2018-q2-update.win32_1.5.0.202011040924/tools/bin/../lib/gcc/arm-none-eabi/7.3.1/../../../../arm-none-eabi/lib/thumb/v7e-m/fpv4-sp/hard\libc_nano.a(lib_a-init.o)
                0x0000000008000d58                __libc_init_array
 *(.glue_7)
 .glue_7        0x0000000008000da0        0x0 linker stubs
 *(.glue_7t)
 .glue_7t       0x0000000008000da0        0x0 linker stubs
 *(.eh_frame)
 .eh_frame      0x0000000008000da0        0x0 c:/programs/stm32cubeide_1.5.1/stm32cubeide/plugins/com.st.stm32cube.ide.mcu.externaltools.gnu-tools-for-stm32.7-2018-q2-update.win32_1.5.0.202011040924/tools/bin/../lib/gcc/arm-none-eabi/7.3.1/thumb/v7e-m/fpv4-sp/hard/crtbegin.o
 *(.init)
 .init          0x0000000008000da0        0x4 c:/programs/stm32cubeide_1.5.1/stm32cubeide/plugins/com.st.stm32cube.ide.mcu.externaltools.gnu-tools-for-stm32.7-2018-q2-update.win32_1.5.0.202011040924/tools/bin/../lib/gcc/arm-none-eabi/7.3.1/thumb/v7e-m/fpv4-sp/hard/crti.o
                0x0000000008000da0                _init
 .init          0x0000000008000da4        0x8 c:/programs/stm32cubeide_1.5.1/stm32cubeide/plugins/com.st.stm32cube.ide.mcu.externaltools.gnu-tools-for-stm32.7-2018-q2-update.win32_1.5.0.202011040924/tools/bin/../lib/gcc/arm-none-eabi/7.3.1/thumb/v7e-m/fpv4-sp/hard/crtn.o
 *(.fini)
 .fini          0x0000000008000dac        0x4 c:/programs/stm32cubeide_1.5.1/stm32cubeide/plugins/com.st.stm32cube.ide.mcu.externaltools.gnu-tools-for-stm32.7-2018-q2-update.win32_1.5.0.202011040924/tools/bin/../lib/gcc/arm-none-eabi/7.3.1/thumb/v7e-m/fpv4-sp/hard/crti.o
                0x0000000008000dac                _fini
 .fini          0x0000000008000db0        0x8 c:/programs/stm32cubeide_1.5.1/stm32cubeide/plugins/com.st.stm32cube.ide.mcu.externaltools.gnu-tools-for-stm32.7-2018-q2-update.win32_1.5.0.202011040924/tools/bin/../lib/gcc/arm-none-eabi/7.3.1/thumb/v7e-m/fpv4-sp/hard/crtn.o
                0x0000000008000db8                . = ALIGN (0x4)
                0x0000000008000db8                _etext = .

.vfp11_veneer   0x0000000008000db8        0x0
 .vfp11_veneer  0x0000000008000db8        0x0 linker stubs

.v4_bx          0x0000000008000db8        0x0
 .v4_bx         0x0000000008000db8        0x0 linker stubs

.iplt           0x0000000008000db8        0x0
 .iplt          0x0000000008000db8        0x0 c:/programs/stm32cubeide_1.5.1/stm32cubeide/plugins/com.st.stm32cube.ide.mcu.externaltools.gnu-tools-for-stm32.7-2018-q2-update.win32_1.5.0.202011040924/tools/bin/../lib/gcc/arm-none-eabi/7.3.1/thumb/v7e-m/fpv4-sp/hard/crtbegin.o

.rel.dyn        0x0000000008000db8        0x0
 .rel.iplt      0x0000000008000db8        0x0 c:/programs/stm32cubeide_1.5.1/stm32cubeide/plugins/com.st.stm32cube.ide.mcu.externaltools.gnu-tools-for-stm32.7-2018-q2-update.win32_1.5.0.202011040924/tools/bin/../lib/gcc/arm-none-eabi/7.3.1/thumb/v7e-m/fpv4-sp/hard/crtbegin.o

.rodata         0x0000000008000db8        0x0
                0x0000000008000db8                . = ALIGN (0x4)
 *(.rodata)
 *(.rodata*)
                0x0000000008000db8                . = ALIGN (0x4)

.ARM.extab      0x0000000008000db8        0x0
                0x0000000008000db8                . = ALIGN (0x4)
 *(.ARM.extab* .gnu.linkonce.armextab.*)
                0x0000000008000db8                . = ALIGN (0x4)

.ARM            0x0000000008000db8        0x0
                0x0000000008000db8                . = ALIGN (0x4)
                0x0000000008000db8                __exidx_start = .
 *(.ARM.exidx*)
                0x0000000008000db8                __exidx_end = .
                0x0000000008000db8                . = ALIGN (0x4)

.preinit_array  0x0000000008000db8        0x0
                0x0000000008000db8                . = ALIGN (0x4)
                0x0000000008000db8                PROVIDE (__preinit_array_start = .)
 *(.preinit_array*)
                0x0000000008000db8                PROVIDE (__preinit_array_end = .)
                0x0000000008000db8                . = ALIGN (0x4)

.init_array     0x0000000008000db8        0x4
                0x0000000008000db8                . = ALIGN (0x4)
                0x0000000008000db8                PROVIDE (__init_array_start = .)
 *(SORT_BY_NAME(.init_array.*))
 *(.init_array*)
 .init_array    0x0000000008000db8        0x4 c:/programs/stm32cubeide_1.5.1/stm32cubeide/plugins/com.st.stm32cube.ide.mcu.externaltools.gnu-tools-for-stm32.7-2018-q2-update.win32_1.5.0.202011040924/tools/bin/../lib/gcc/arm-none-eabi/7.3.1/thumb/v7e-m/fpv4-sp/hard/crtbegin.o
                0x0000000008000dbc                PROVIDE (__init_array_end = .)
                0x0000000008000dbc                . = ALIGN (0x4)

.fini_array     0x0000000008000dbc        0x4
                0x0000000008000dbc                . = ALIGN (0x4)
                [!provide]                        PROVIDE (__fini_array_start = .)
 *(SORT_BY_NAME(.fini_array.*))
 *(.fini_array*)
 .fini_array    0x0000000008000dbc        0x4 c:/programs/stm32cubeide_1.5.1/stm32cubeide/plugins/com.st.stm32cube.ide.mcu.externaltools.gnu-tools-for-stm32.7-2018-q2-update.win32_1.5.0.202011040924/tools/bin/../lib/gcc/arm-none-eabi/7.3.1/thumb/v7e-m/fpv4-sp/hard/crtbegin.o
                [!provide]                        PROVIDE (__fini_array_end = .)
                0x0000000008000dc0                . = ALIGN (0x4)
                0x0000000008000dc0                _sidata = LOADADDR (.data)

.data           0x0000000020000000       0x34 load address 0x0000000008000dc0
                0x0000000020000000                . = ALIGN (0x4)
                0x0000000020000000                _sdata = .
 *(.data)
 *(.data*)
 .data.some_data
                0x0000000020000000       0x1e Src/010i2c_master_tx_testing.o
                0x0000000020000000                some_data
 *fill*         0x000000002000001e        0x2 
 .data.AHB_PreScaler
                0x0000000020000020       0x10 drivers/Src/stm32f407xx_i2c_driver.o
                0x0000000020000020                AHB_PreScaler
 .data.APB1_PreScaler
                0x0000000020000030        0x4 drivers/Src/stm32f407xx_i2c_driver.o
                0x0000000020000030                APB1_PreScaler
 *(.RamFunc)
 *(.RamFunc*)
                0x0000000020000034                . = ALIGN (0x4)
                0x0000000020000034                _edata = .

.igot.plt       0x0000000020000034        0x0 load address 0x0000000008000df4
 .igot.plt      0x0000000020000034        0x0 c:/programs/stm32cubeide_1.5.1/stm32cubeide/plugins/com.st.stm32cube.ide.mcu.externaltools.gnu-tools-for-stm32.7-2018-q2-update.win32_1.5.0.202011040924/tools/bin/../lib/gcc/arm-none-eabi/7.3.1/thumb/v7e-m/fpv4-sp/hard/crtbegin.o
                0x0000000020000034                . = ALIGN (0x4)

.bss            0x0000000020000034       0x44 load address 0x0000000008000df4
                0x0000000020000034                _sbss = .
                0x0000000020000034                __bss_start__ = _sbss
 *(.bss)
 .bss           0x0000000020000034       0x1c c:/programs/stm32cubeide_1.5.1/stm32cubeide/plugins/com.st.stm32cube.ide.mcu.externaltools.gnu-tools-for-stm32.7-2018-q2-update.win32_1.5.0.202011040924/tools/bin/../lib/gcc/arm-none-eabi/7.3.1/thumb/v7e-m/fpv4-sp/hard/crtbegin.o
 *(.bss*)
 *(COMMON)
 COMMON         0x0000000020000050       0x28 Src/010i2c_master_tx_testing.o
                0x0000000020000050                I2C1Handle
                0x0000000020000078                . = ALIGN (0x4)
                0x0000000020000078                _ebss = .
                0x0000000020000078                __bss_end__ = _ebss

._user_heap_stack
                0x0000000020000078      0x600 load address 0x0000000008000df4
                0x0000000020000078                . = ALIGN (0x8)
                [!provide]                        PROVIDE (end = .)
                [!provide]                        PROVIDE (_end = .)
                0x0000000020000278                . = (. + _Min_Heap_Size)
 *fill*         0x0000000020000078      0x200 
                0x0000000020000678                . = (. + _Min_Stack_Size)
 *fill*         0x0000000020000278      0x400 
                0x0000000020000678                . = ALIGN (0x8)

/DISCARD/
 libc.a(*)
 libm.a(*)
 libgcc.a(*)

.ARM.attributes
                0x0000000000000000       0x30
 *(.ARM.attributes)
 .ARM.attributes
                0x0000000000000000       0x22 c:/programs/stm32cubeide_1.5.1/stm32cubeide/plugins/com.st.stm32cube.ide.mcu.externaltools.gnu-tools-for-stm32.7-2018-q2-update.win32_1.5.0.202011040924/tools/bin/../lib/gcc/arm-none-eabi/7.3.1/thumb/v7e-m/fpv4-sp/hard/crti.o
 .ARM.attributes
                0x0000000000000022       0x34 c:/programs/stm32cubeide_1.5.1/stm32cubeide/plugins/com.st.stm32cube.ide.mcu.externaltools.gnu-tools-for-stm32.7-2018-q2-update.win32_1.5.0.202011040924/tools/bin/../lib/gcc/arm-none-eabi/7.3.1/thumb/v7e-m/fpv4-sp/hard/crtbegin.o
 .ARM.attributes
                0x0000000000000056       0x39 Src/010i2c_master_tx_testing.o
 .ARM.attributes
                0x000000000000008f       0x21 Startup/startup_stm32f407vgtx.o
 .ARM.attributes
                0x00000000000000b0       0x39 drivers/Src/stm32f407xx_gpip_driver.o
 .ARM.attributes
                0x00000000000000e9       0x39 drivers/Src/stm32f407xx_i2c_driver.o
 .ARM.attributes
                0x0000000000000122       0x34 c:/programs/stm32cubeide_1.5.1/stm32cubeide/plugins/com.st.stm32cube.ide.mcu.externaltools.gnu-tools-for-stm32.7-2018-q2-update.win32_1.5.0.202011040924/tools/bin/../lib/gcc/arm-none-eabi/7.3.1/../../../../arm-none-eabi/lib/thumb/v7e-m/fpv4-sp/hard\libc_nano.a(lib_a-init.o)
 .ARM.attributes
                0x0000000000000156       0x1b c:/programs/stm32cubeide_1.5.1/stm32cubeide/plugins/com.st.stm32cube.ide.mcu.externaltools.gnu-tools-for-stm32.7-2018-q2-update.win32_1.5.0.202011040924/tools/bin/../lib/gcc/arm-none-eabi/7.3.1/../../../../arm-none-eabi/lib/thumb/v7e-m/fpv4-sp/hard\libc_nano.a(lib_a-strlen.o)
 .ARM.attributes
                0x0000000000000171       0x22 c:/programs/stm32cubeide_1.5.1/stm32cubeide/plugins/com.st.stm32cube.ide.mcu.externaltools.gnu-tools-for-stm32.7-2018-q2-update.win32_1.5.0.202011040924/tools/bin/../lib/gcc/arm-none-eabi/7.3.1/thumb/v7e-m/fpv4-sp/hard/crtn.o
OUTPUT(stm32f4xx_drivers.elf elf32-littlearm)

.debug_info     0x0000000000000000     0x198c
 .debug_info    0x0000000000000000      0xc0b Src/010i2c_master_tx_testing.o
 .debug_info    0x0000000000000c0b       0x22 Startup/startup_stm32f407vgtx.o
 .debug_info    0x0000000000000c2d      0x6ec drivers/Src/stm32f407xx_gpip_driver.o
 .debug_info    0x0000000000001319      0x673 drivers/Src/stm32f407xx_i2c_driver.o

.debug_abbrev   0x0000000000000000      0x4fb
 .debug_abbrev  0x0000000000000000      0x1ee Src/010i2c_master_tx_testing.o
 .debug_abbrev  0x00000000000001ee       0x12 Startup/startup_stm32f407vgtx.o
 .debug_abbrev  0x0000000000000200      0x159 drivers/Src/stm32f407xx_gpip_driver.o
 .debug_abbrev  0x0000000000000359      0x1a2 drivers/Src/stm32f407xx_i2c_driver.o

.debug_aranges  0x0000000000000000      0x150
 .debug_aranges
                0x0000000000000000       0x40 Src/010i2c_master_tx_testing.o
 .debug_aranges
                0x0000000000000040       0x28 Startup/startup_stm32f407vgtx.o
 .debug_aranges
                0x0000000000000068       0x70 drivers/Src/stm32f407xx_gpip_driver.o
 .debug_aranges
                0x00000000000000d8       0x78 drivers/Src/stm32f407xx_i2c_driver.o

.debug_ranges   0x0000000000000000      0x118
 .debug_ranges  0x0000000000000000       0x30 Src/010i2c_master_tx_testing.o
 .debug_ranges  0x0000000000000030       0x20 Startup/startup_stm32f407vgtx.o
 .debug_ranges  0x0000000000000050       0x60 drivers/Src/stm32f407xx_gpip_driver.o
 .debug_ranges  0x00000000000000b0       0x68 drivers/Src/stm32f407xx_i2c_driver.o

.debug_macro    0x0000000000000000     0x29af
 .debug_macro   0x0000000000000000      0x22f Src/010i2c_master_tx_testing.o
 .debug_macro   0x000000000000022f      0xa66 Src/010i2c_master_tx_testing.o
 .debug_macro   0x0000000000000c95       0x22 Src/010i2c_master_tx_testing.o
 .debug_macro   0x0000000000000cb7       0x40 Src/010i2c_master_tx_testing.o
 .debug_macro   0x0000000000000cf7       0x18 Src/010i2c_master_tx_testing.o
 .debug_macro   0x0000000000000d0f       0x94 Src/010i2c_master_tx_testing.o
 .debug_macro   0x0000000000000da3       0x3c Src/010i2c_master_tx_testing.o
 .debug_macro   0x0000000000000ddf       0x34 Src/010i2c_master_tx_testing.o
 .debug_macro   0x0000000000000e13       0x16 Src/010i2c_master_tx_testing.o
 .debug_macro   0x0000000000000e29       0x57 Src/010i2c_master_tx_testing.o
 .debug_macro   0x0000000000000e80       0x97 Src/010i2c_master_tx_testing.o
 .debug_macro   0x0000000000000f17      0x330 Src/010i2c_master_tx_testing.o
 .debug_macro   0x0000000000001247       0xfd Src/010i2c_master_tx_testing.o
 .debug_macro   0x0000000000001344       0x10 Src/010i2c_master_tx_testing.o
 .debug_macro   0x0000000000001354       0x52 Src/010i2c_master_tx_testing.o
 .debug_macro   0x00000000000013a6       0x1f Src/010i2c_master_tx_testing.o
 .debug_macro   0x00000000000013c5       0x43 Src/010i2c_master_tx_testing.o
 .debug_macro   0x0000000000001408       0x20 Src/010i2c_master_tx_testing.o
 .debug_macro   0x0000000000001428      0x1a3 Src/010i2c_master_tx_testing.o
 .debug_macro   0x00000000000015cb       0x10 Src/010i2c_master_tx_testing.o
 .debug_macro   0x00000000000015db       0x6a Src/010i2c_master_tx_testing.o
 .debug_macro   0x0000000000001645       0x1c Src/010i2c_master_tx_testing.o
 .debug_macro   0x0000000000001661       0x52 Src/010i2c_master_tx_testing.o
 .debug_macro   0x00000000000016b3       0x40 Src/010i2c_master_tx_testing.o
 .debug_macro   0x00000000000016f3       0x10 Src/010i2c_master_tx_testing.o
 .debug_macro   0x0000000000001703       0x40 Src/010i2c_master_tx_testing.o
 .debug_macro   0x0000000000001743       0xd7 Src/010i2c_master_tx_testing.o
 .debug_macro   0x000000000000181a       0x1c Src/010i2c_master_tx_testing.o
 .debug_macro   0x0000000000001836       0x3d Src/010i2c_master_tx_testing.o
 .debug_macro   0x0000000000001873       0x16 Src/010i2c_master_tx_testing.o
 .debug_macro   0x0000000000001889      0x145 Src/010i2c_master_tx_testing.o
 .debug_macro   0x00000000000019ce       0x16 Src/010i2c_master_tx_testing.o
 .debug_macro   0x00000000000019e4       0x35 Src/010i2c_master_tx_testing.o
 .debug_macro   0x0000000000001a19       0x20 Src/010i2c_master_tx_testing.o
 .debug_macro   0x0000000000001a39       0xef Src/010i2c_master_tx_testing.o
 .debug_macro   0x0000000000001b28      0x1df Src/010i2c_master_tx_testing.o
 .debug_macro   0x0000000000001d07      0x5c3 Src/010i2c_master_tx_testing.o
 .debug_macro   0x00000000000022ca       0xc4 Src/010i2c_master_tx_testing.o
 .debug_macro   0x000000000000238e       0xc4 Src/010i2c_master_tx_testing.o
 .debug_macro   0x0000000000002452       0x7c Src/010i2c_master_tx_testing.o
 .debug_macro   0x00000000000024ce       0xad drivers/Src/stm32f407xx_gpip_driver.o
 .debug_macro   0x000000000000257b       0x8e drivers/Src/stm32f407xx_gpip_driver.o
 .debug_macro   0x0000000000002609       0x51 drivers/Src/stm32f407xx_gpip_driver.o
 .debug_macro   0x000000000000265a      0x174 drivers/Src/stm32f407xx_gpip_driver.o
 .debug_macro   0x00000000000027ce       0xbe drivers/Src/stm32f407xx_gpip_driver.o
 .debug_macro   0x000000000000288c       0xad drivers/Src/stm32f407xx_i2c_driver.o
 .debug_macro   0x0000000000002939       0x76 drivers/Src/stm32f407xx_i2c_driver.o

.debug_line     0x0000000000000000     0x1378
 .debug_line    0x0000000000000000      0x6cf Src/010i2c_master_tx_testing.o
 .debug_line    0x00000000000006cf       0x84 Startup/startup_stm32f407vgtx.o
 .debug_line    0x0000000000000753      0x687 drivers/Src/stm32f407xx_gpip_driver.o
 .debug_line    0x0000000000000dda      0x59e drivers/Src/stm32f407xx_i2c_driver.o

.debug_str      0x0000000000000000     0xa94d
 .debug_str     0x0000000000000000     0xa4d6 Src/010i2c_master_tx_testing.o
                                       0xa73c (size before relaxing)
 .debug_str     0x000000000000a4d6       0x31 Startup/startup_stm32f407vgtx.o
                                         0x5d (size before relaxing)
 .debug_str     0x000000000000a507      0x2b4 drivers/Src/stm32f407xx_gpip_driver.o
                                       0x673f (size before relaxing)
 .debug_str     0x000000000000a7bb      0x192 drivers/Src/stm32f407xx_i2c_driver.o
                                       0x6712 (size before relaxing)

.comment        0x0000000000000000       0x7b
 .comment       0x0000000000000000       0x7b Src/010i2c_master_tx_testing.o
                                         0x7c (size before relaxing)
 .comment       0x000000000000007b       0x7c drivers/Src/stm32f407xx_gpip_driver.o
 .comment       0x000000000000007b       0x7c drivers/Src/stm32f407xx_i2c_driver.o

.debug_frame    0x0000000000000000      0x488
 .debug_frame   0x0000000000000000       0xb8 Src/010i2c_master_tx_testing.o
 .debug_frame   0x00000000000000b8      0x1c8 drivers/Src/stm32f407xx_gpip_driver.o
 .debug_frame   0x0000000000000280      0x1dc drivers/Src/stm32f407xx_i2c_driver.o
 .debug_frame   0x000000000000045c       0x2c c:/programs/stm32cubeide_1.5.1/stm32cubeide/plugins/com.st.stm32cube.ide.mcu.externaltools.gnu-tools-for-stm32.7-2018-q2-update.win32_1.5.0.202011040924/tools/bin/../lib/gcc/arm-none-eabi/7.3.1/../../../../arm-none-eabi/lib/thumb/v7e-m/fpv4-sp/hard\libc_nano.a(lib_a-init.o)
